Archive member included to satisfy reference by file (symbol)

c:/program files (x86)/atmel/studio/7.0/toolchain/avr8/avr8-gnu-toolchain/bin/../lib/gcc/avr/5.4.0/../../../../avr/lib/avr6\libm.a(addsf3.o)
                              knobLib.o (__subsf3)
c:/program files (x86)/atmel/studio/7.0/toolchain/avr8/avr8-gnu-toolchain/bin/../lib/gcc/avr/5.4.0/../../../../avr/lib/avr6\libm.a(addsf3x.o)
                              c:/program files (x86)/atmel/studio/7.0/toolchain/avr8/avr8-gnu-toolchain/bin/../lib/gcc/avr/5.4.0/../../../../avr/lib/avr6\libm.a(addsf3.o) (__addsf3x)
c:/program files (x86)/atmel/studio/7.0/toolchain/avr8/avr8-gnu-toolchain/bin/../lib/gcc/avr/5.4.0/../../../../avr/lib/avr6\libm.a(divsf3.o)
                              knobLib.o (__divsf3)
c:/program files (x86)/atmel/studio/7.0/toolchain/avr8/avr8-gnu-toolchain/bin/../lib/gcc/avr/5.4.0/../../../../avr/lib/avr6\libm.a(divsf3x.o)
                              c:/program files (x86)/atmel/studio/7.0/toolchain/avr8/avr8-gnu-toolchain/bin/../lib/gcc/avr/5.4.0/../../../../avr/lib/avr6\libm.a(divsf3.o) (__divsf3x)
c:/program files (x86)/atmel/studio/7.0/toolchain/avr8/avr8-gnu-toolchain/bin/../lib/gcc/avr/5.4.0/../../../../avr/lib/avr6\libm.a(fixsfsi.o)
                              knobLib.o (__fixsfsi)
c:/program files (x86)/atmel/studio/7.0/toolchain/avr8/avr8-gnu-toolchain/bin/../lib/gcc/avr/5.4.0/../../../../avr/lib/avr6\libm.a(fixunssfsi.o)
                              c:/program files (x86)/atmel/studio/7.0/toolchain/avr8/avr8-gnu-toolchain/bin/../lib/gcc/avr/5.4.0/../../../../avr/lib/avr6\libm.a(fixsfsi.o) (__fixunssfsi)
c:/program files (x86)/atmel/studio/7.0/toolchain/avr8/avr8-gnu-toolchain/bin/../lib/gcc/avr/5.4.0/../../../../avr/lib/avr6\libm.a(floatsisf.o)
                              knobLib.o (__floatsisf)
c:/program files (x86)/atmel/studio/7.0/toolchain/avr8/avr8-gnu-toolchain/bin/../lib/gcc/avr/5.4.0/../../../../avr/lib/avr6\libm.a(fp_inf.o)
                              c:/program files (x86)/atmel/studio/7.0/toolchain/avr8/avr8-gnu-toolchain/bin/../lib/gcc/avr/5.4.0/../../../../avr/lib/avr6\libm.a(addsf3x.o) (__fp_inf)
c:/program files (x86)/atmel/studio/7.0/toolchain/avr8/avr8-gnu-toolchain/bin/../lib/gcc/avr/5.4.0/../../../../avr/lib/avr6\libm.a(fp_nan.o)
                              c:/program files (x86)/atmel/studio/7.0/toolchain/avr8/avr8-gnu-toolchain/bin/../lib/gcc/avr/5.4.0/../../../../avr/lib/avr6\libm.a(addsf3x.o) (__fp_nan)
c:/program files (x86)/atmel/studio/7.0/toolchain/avr8/avr8-gnu-toolchain/bin/../lib/gcc/avr/5.4.0/../../../../avr/lib/avr6\libm.a(fp_pscA.o)
                              c:/program files (x86)/atmel/studio/7.0/toolchain/avr8/avr8-gnu-toolchain/bin/../lib/gcc/avr/5.4.0/../../../../avr/lib/avr6\libm.a(addsf3x.o) (__fp_pscA)
c:/program files (x86)/atmel/studio/7.0/toolchain/avr8/avr8-gnu-toolchain/bin/../lib/gcc/avr/5.4.0/../../../../avr/lib/avr6\libm.a(fp_pscB.o)
                              c:/program files (x86)/atmel/studio/7.0/toolchain/avr8/avr8-gnu-toolchain/bin/../lib/gcc/avr/5.4.0/../../../../avr/lib/avr6\libm.a(addsf3x.o) (__fp_pscB)
c:/program files (x86)/atmel/studio/7.0/toolchain/avr8/avr8-gnu-toolchain/bin/../lib/gcc/avr/5.4.0/../../../../avr/lib/avr6\libm.a(fp_round.o)
                              c:/program files (x86)/atmel/studio/7.0/toolchain/avr8/avr8-gnu-toolchain/bin/../lib/gcc/avr/5.4.0/../../../../avr/lib/avr6\libm.a(addsf3.o) (__fp_round)
c:/program files (x86)/atmel/studio/7.0/toolchain/avr8/avr8-gnu-toolchain/bin/../lib/gcc/avr/5.4.0/../../../../avr/lib/avr6\libm.a(fp_split3.o)
                              c:/program files (x86)/atmel/studio/7.0/toolchain/avr8/avr8-gnu-toolchain/bin/../lib/gcc/avr/5.4.0/../../../../avr/lib/avr6\libm.a(addsf3x.o) (__fp_split3)
c:/program files (x86)/atmel/studio/7.0/toolchain/avr8/avr8-gnu-toolchain/bin/../lib/gcc/avr/5.4.0/../../../../avr/lib/avr6\libm.a(fp_zero.o)
                              c:/program files (x86)/atmel/studio/7.0/toolchain/avr8/avr8-gnu-toolchain/bin/../lib/gcc/avr/5.4.0/../../../../avr/lib/avr6\libm.a(addsf3x.o) (__fp_zero)
c:/program files (x86)/atmel/studio/7.0/toolchain/avr8/avr8-gnu-toolchain/bin/../lib/gcc/avr/5.4.0/avr6\libgcc.a(_divmodhi4.o)
                              menu.o (__divmodhi4)
c:/program files (x86)/atmel/studio/7.0/toolchain/avr8/avr8-gnu-toolchain/bin/../lib/gcc/avr/5.4.0/avr6\libgcc.a(_udivmodsi4.o)
                              main.o (__udivmodsi4)
c:/program files (x86)/atmel/studio/7.0/toolchain/avr8/avr8-gnu-toolchain/bin/../lib/gcc/avr/5.4.0/avr6\libgcc.a(_divmodsi4.o)
                              sequencerLib.o (__divmodsi4)
c:/program files (x86)/atmel/studio/7.0/toolchain/avr8/avr8-gnu-toolchain/bin/../lib/gcc/avr/5.4.0/avr6\libgcc.a(_negsi2.o)
                              c:/program files (x86)/atmel/studio/7.0/toolchain/avr8/avr8-gnu-toolchain/bin/../lib/gcc/avr/5.4.0/avr6\libgcc.a(_divmodsi4.o) (__negsi2)
c:/program files (x86)/atmel/studio/7.0/toolchain/avr8/avr8-gnu-toolchain/bin/../lib/gcc/avr/5.4.0/avr6\libgcc.a(_exit.o)
                              C:/Program Files (x86)/Atmel/Studio/7.0/Packs/atmel/ATmega_DFP/1.2.209/gcc/dev/atmega2560/avr6/crtatmega2560.o (exit)
c:/program files (x86)/atmel/studio/7.0/toolchain/avr8/avr8-gnu-toolchain/bin/../lib/gcc/avr/5.4.0/avr6\libgcc.a(_tablejump2.o)
                              EncoderLib.o (__tablejump2__)
c:/program files (x86)/atmel/studio/7.0/toolchain/avr8/avr8-gnu-toolchain/bin/../lib/gcc/avr/5.4.0/avr6\libgcc.a(_copy_data.o)
                              ButtonLib.o (__do_copy_data)
c:/program files (x86)/atmel/studio/7.0/toolchain/avr8/avr8-gnu-toolchain/bin/../lib/gcc/avr/5.4.0/avr6\libgcc.a(_clear_bss.o)
                              ButtonLib.o (__do_clear_bss)
c:/program files (x86)/atmel/studio/7.0/toolchain/avr8/avr8-gnu-toolchain/bin/../lib/gcc/avr/5.4.0/avr6\libgcc.a(_umulhisi3.o)
                              main.o (__umulhisi3)
c:/program files (x86)/atmel/studio/7.0/toolchain/avr8/avr8-gnu-toolchain/bin/../lib/gcc/avr/5.4.0/avr6\libgcc.a(_udivmodhi4.o)
                              c:/program files (x86)/atmel/studio/7.0/toolchain/avr8/avr8-gnu-toolchain/bin/../lib/gcc/avr/5.4.0/avr6\libgcc.a(_divmodhi4.o) (__udivmodhi4)
C:/Program Files (x86)/Atmel/Studio/7.0/Packs/atmel/ATmega_DFP/1.2.209/gcc/dev/atmega2560/avr6\libatmega2560.a(eerd_block.o)
                              twiLib.o (eeprom_read_block)
C:/Program Files (x86)/Atmel/Studio/7.0/Packs/atmel/ATmega_DFP/1.2.209/gcc/dev/atmega2560/avr6\libatmega2560.a(eerd_byte.o)
                              twiLib.o (eeprom_read_byte)
C:/Program Files (x86)/Atmel/Studio/7.0/Packs/atmel/ATmega_DFP/1.2.209/gcc/dev/atmega2560/avr6\libatmega2560.a(eewr_block.o)
                              twiLib.o (eeprom_write_block)
C:/Program Files (x86)/Atmel/Studio/7.0/Packs/atmel/ATmega_DFP/1.2.209/gcc/dev/atmega2560/avr6\libatmega2560.a(eewr_byte.o)
                              twiLib.o (eeprom_write_byte)

Allocating common symbols
Common symbol       size              file

currentPattern      0x17b             main.o
buttonsCurrentCycle
                    0x1               ButtonLib.o
buttons_down        0x1               DebounceLib.o
serial0Buffer       0x180             serialLib.o
midiEventBuffer     0x1e              MidiLib.o
currentGlobals      0xed              main.o
currentTrig         0x1               ButtonLib.o
knobBufferCounter   0x1               knobLib.o
prevMenuState       0x1               menu.o

Discarded input sections

 .data          0x00000000        0x0 C:/Program Files (x86)/Atmel/Studio/7.0/Packs/atmel/ATmega_DFP/1.2.209/gcc/dev/atmega2560/avr6/crtatmega2560.o
 .bss           0x00000000        0x0 C:/Program Files (x86)/Atmel/Studio/7.0/Packs/atmel/ATmega_DFP/1.2.209/gcc/dev/atmega2560/avr6/crtatmega2560.o
 .text          0x00000000        0x0 ButtonLib.o
 .data          0x00000000        0x0 ButtonLib.o
 .bss           0x00000000        0x0 ButtonLib.o
 .text          0x00000000        0x0 DebounceLib.o
 .data          0x00000000        0x0 DebounceLib.o
 .bss           0x00000000        0x0 DebounceLib.o
 .text          0x00000000        0x0 EncoderLib.o
 .data          0x00000000        0x0 EncoderLib.o
 .bss           0x00000000        0x0 EncoderLib.o
 .text          0x00000000        0x0 globalVariables.o
 .data          0x00000000        0x0 globalVariables.o
 .bss           0x00000000        0x0 globalVariables.o
 .text          0x00000000        0x0 knobLib.o
 .data          0x00000000        0x0 knobLib.o
 .bss           0x00000000        0x0 knobLib.o
 .text.checkVariation
                0x00000000        0xe knobLib.o
 .text          0x00000000        0x0 LEDLib.o
 .data          0x00000000        0x0 LEDLib.o
 .bss           0x00000000        0x0 LEDLib.o
 .bss.holdTrig  0x00000000        0x2 LEDLib.o
 .text          0x00000000        0x0 main.o
 .data          0x00000000        0x0 main.o
 .bss           0x00000000        0x0 main.o
 .text          0x00000000        0x0 menu.o
 .data          0x00000000        0x0 menu.o
 .bss           0x00000000        0x0 menu.o
 .data.midiNote
                0x00000000        0x4 menu.o
 .text          0x00000000        0x0 MidiLib.o
 .data          0x00000000        0x0 MidiLib.o
 .bss           0x00000000        0x0 MidiLib.o
 .text.midiTransmit
                0x00000000       0x10 MidiLib.o
 .text          0x00000000        0x0 OLEDLib.o
 .data          0x00000000        0x0 OLEDLib.o
 .bss           0x00000000        0x0 OLEDLib.o
 .text.send8bit
                0x00000000        0x4 OLEDLib.o
 .text          0x00000000        0x0 sequencerLib.o
 .data          0x00000000        0x0 sequencerLib.o
 .bss           0x00000000        0x0 sequencerLib.o
 .text.initSequencer
                0x00000000        0x2 sequencerLib.o
 .text          0x00000000        0x0 serialLib.o
 .data          0x00000000        0x0 serialLib.o
 .bss           0x00000000        0x0 serialLib.o
 .text          0x00000000        0x0 tsunamiLib.o
 .data          0x00000000        0x0 tsunamiLib.o
 .bss           0x00000000        0x0 tsunamiLib.o
 .text.initEnvelopes
                0x00000000        0x2 tsunamiLib.o
 .rodata        0x00000000       0x14 tsunamiLib.o
 .text.getVersion
                0x00000000       0x3a tsunamiLib.o
 .text.getSysInfo
                0x00000000       0x3a tsunamiLib.o
 .text.setReporting
                0x00000000       0x3e tsunamiLib.o
 .text.stopAll  0x00000000       0x3a tsunamiLib.o
 .text.resumeAll
                0x00000000       0x3a tsunamiLib.o
 .text.setInPutMix
                0x00000000       0x3e tsunamiLib.o
 .text.sendPatternOnLoad
                0x00000000       0x90 tsunamiLib.o
 .text          0x00000000        0x0 twiLib.o
 .data          0x00000000        0x0 twiLib.o
 .bss           0x00000000        0x0 twiLib.o
 .text.twi_start_wait
                0x00000000       0x50 twiLib.o
 .text.twi_rep_start
                0x00000000        0x6 twiLib.o
 .text.readEEpromChar
                0x00000000       0x2a twiLib.o
 .text          0x00000000        0x0 c:/program files (x86)/atmel/studio/7.0/toolchain/avr8/avr8-gnu-toolchain/bin/../lib/gcc/avr/5.4.0/../../../../avr/lib/avr6\libm.a(addsf3.o)
 .data          0x00000000        0x0 c:/program files (x86)/atmel/studio/7.0/toolchain/avr8/avr8-gnu-toolchain/bin/../lib/gcc/avr/5.4.0/../../../../avr/lib/avr6\libm.a(addsf3.o)
 .bss           0x00000000        0x0 c:/program files (x86)/atmel/studio/7.0/toolchain/avr8/avr8-gnu-toolchain/bin/../lib/gcc/avr/5.4.0/../../../../avr/lib/avr6\libm.a(addsf3.o)
 .text          0x00000000        0x0 c:/program files (x86)/atmel/studio/7.0/toolchain/avr8/avr8-gnu-toolchain/bin/../lib/gcc/avr/5.4.0/../../../../avr/lib/avr6\libm.a(addsf3x.o)
 .data          0x00000000        0x0 c:/program files (x86)/atmel/studio/7.0/toolchain/avr8/avr8-gnu-toolchain/bin/../lib/gcc/avr/5.4.0/../../../../avr/lib/avr6\libm.a(addsf3x.o)
 .bss           0x00000000        0x0 c:/program files (x86)/atmel/studio/7.0/toolchain/avr8/avr8-gnu-toolchain/bin/../lib/gcc/avr/5.4.0/../../../../avr/lib/avr6\libm.a(addsf3x.o)
 .text          0x00000000        0x0 c:/program files (x86)/atmel/studio/7.0/toolchain/avr8/avr8-gnu-toolchain/bin/../lib/gcc/avr/5.4.0/../../../../avr/lib/avr6\libm.a(divsf3.o)
 .data          0x00000000        0x0 c:/program files (x86)/atmel/studio/7.0/toolchain/avr8/avr8-gnu-toolchain/bin/../lib/gcc/avr/5.4.0/../../../../avr/lib/avr6\libm.a(divsf3.o)
 .bss           0x00000000        0x0 c:/program files (x86)/atmel/studio/7.0/toolchain/avr8/avr8-gnu-toolchain/bin/../lib/gcc/avr/5.4.0/../../../../avr/lib/avr6\libm.a(divsf3.o)
 .text          0x00000000        0x0 c:/program files (x86)/atmel/studio/7.0/toolchain/avr8/avr8-gnu-toolchain/bin/../lib/gcc/avr/5.4.0/../../../../avr/lib/avr6\libm.a(divsf3x.o)
 .data          0x00000000        0x0 c:/program files (x86)/atmel/studio/7.0/toolchain/avr8/avr8-gnu-toolchain/bin/../lib/gcc/avr/5.4.0/../../../../avr/lib/avr6\libm.a(divsf3x.o)
 .bss           0x00000000        0x0 c:/program files (x86)/atmel/studio/7.0/toolchain/avr8/avr8-gnu-toolchain/bin/../lib/gcc/avr/5.4.0/../../../../avr/lib/avr6\libm.a(divsf3x.o)
 .text          0x00000000        0x0 c:/program files (x86)/atmel/studio/7.0/toolchain/avr8/avr8-gnu-toolchain/bin/../lib/gcc/avr/5.4.0/../../../../avr/lib/avr6\libm.a(fixsfsi.o)
 .data          0x00000000        0x0 c:/program files (x86)/atmel/studio/7.0/toolchain/avr8/avr8-gnu-toolchain/bin/../lib/gcc/avr/5.4.0/../../../../avr/lib/avr6\libm.a(fixsfsi.o)
 .bss           0x00000000        0x0 c:/program files (x86)/atmel/studio/7.0/toolchain/avr8/avr8-gnu-toolchain/bin/../lib/gcc/avr/5.4.0/../../../../avr/lib/avr6\libm.a(fixsfsi.o)
 .text          0x00000000        0x0 c:/program files (x86)/atmel/studio/7.0/toolchain/avr8/avr8-gnu-toolchain/bin/../lib/gcc/avr/5.4.0/../../../../avr/lib/avr6\libm.a(fixunssfsi.o)
 .data          0x00000000        0x0 c:/program files (x86)/atmel/studio/7.0/toolchain/avr8/avr8-gnu-toolchain/bin/../lib/gcc/avr/5.4.0/../../../../avr/lib/avr6\libm.a(fixunssfsi.o)
 .bss           0x00000000        0x0 c:/program files (x86)/atmel/studio/7.0/toolchain/avr8/avr8-gnu-toolchain/bin/../lib/gcc/avr/5.4.0/../../../../avr/lib/avr6\libm.a(fixunssfsi.o)
 .text          0x00000000        0x0 c:/program files (x86)/atmel/studio/7.0/toolchain/avr8/avr8-gnu-toolchain/bin/../lib/gcc/avr/5.4.0/../../../../avr/lib/avr6\libm.a(floatsisf.o)
 .data          0x00000000        0x0 c:/program files (x86)/atmel/studio/7.0/toolchain/avr8/avr8-gnu-toolchain/bin/../lib/gcc/avr/5.4.0/../../../../avr/lib/avr6\libm.a(floatsisf.o)
 .bss           0x00000000        0x0 c:/program files (x86)/atmel/studio/7.0/toolchain/avr8/avr8-gnu-toolchain/bin/../lib/gcc/avr/5.4.0/../../../../avr/lib/avr6\libm.a(floatsisf.o)
 .text          0x00000000        0x0 c:/program files (x86)/atmel/studio/7.0/toolchain/avr8/avr8-gnu-toolchain/bin/../lib/gcc/avr/5.4.0/../../../../avr/lib/avr6\libm.a(fp_inf.o)
 .data          0x00000000        0x0 c:/program files (x86)/atmel/studio/7.0/toolchain/avr8/avr8-gnu-toolchain/bin/../lib/gcc/avr/5.4.0/../../../../avr/lib/avr6\libm.a(fp_inf.o)
 .bss           0x00000000        0x0 c:/program files (x86)/atmel/studio/7.0/toolchain/avr8/avr8-gnu-toolchain/bin/../lib/gcc/avr/5.4.0/../../../../avr/lib/avr6\libm.a(fp_inf.o)
 .text          0x00000000        0x0 c:/program files (x86)/atmel/studio/7.0/toolchain/avr8/avr8-gnu-toolchain/bin/../lib/gcc/avr/5.4.0/../../../../avr/lib/avr6\libm.a(fp_nan.o)
 .data          0x00000000        0x0 c:/program files (x86)/atmel/studio/7.0/toolchain/avr8/avr8-gnu-toolchain/bin/../lib/gcc/avr/5.4.0/../../../../avr/lib/avr6\libm.a(fp_nan.o)
 .bss           0x00000000        0x0 c:/program files (x86)/atmel/studio/7.0/toolchain/avr8/avr8-gnu-toolchain/bin/../lib/gcc/avr/5.4.0/../../../../avr/lib/avr6\libm.a(fp_nan.o)
 .text          0x00000000        0x0 c:/program files (x86)/atmel/studio/7.0/toolchain/avr8/avr8-gnu-toolchain/bin/../lib/gcc/avr/5.4.0/../../../../avr/lib/avr6\libm.a(fp_pscA.o)
 .data          0x00000000        0x0 c:/program files (x86)/atmel/studio/7.0/toolchain/avr8/avr8-gnu-toolchain/bin/../lib/gcc/avr/5.4.0/../../../../avr/lib/avr6\libm.a(fp_pscA.o)
 .bss           0x00000000        0x0 c:/program files (x86)/atmel/studio/7.0/toolchain/avr8/avr8-gnu-toolchain/bin/../lib/gcc/avr/5.4.0/../../../../avr/lib/avr6\libm.a(fp_pscA.o)
 .text          0x00000000        0x0 c:/program files (x86)/atmel/studio/7.0/toolchain/avr8/avr8-gnu-toolchain/bin/../lib/gcc/avr/5.4.0/../../../../avr/lib/avr6\libm.a(fp_pscB.o)
 .data          0x00000000        0x0 c:/program files (x86)/atmel/studio/7.0/toolchain/avr8/avr8-gnu-toolchain/bin/../lib/gcc/avr/5.4.0/../../../../avr/lib/avr6\libm.a(fp_pscB.o)
 .bss           0x00000000        0x0 c:/program files (x86)/atmel/studio/7.0/toolchain/avr8/avr8-gnu-toolchain/bin/../lib/gcc/avr/5.4.0/../../../../avr/lib/avr6\libm.a(fp_pscB.o)
 .text          0x00000000        0x0 c:/program files (x86)/atmel/studio/7.0/toolchain/avr8/avr8-gnu-toolchain/bin/../lib/gcc/avr/5.4.0/../../../../avr/lib/avr6\libm.a(fp_round.o)
 .data          0x00000000        0x0 c:/program files (x86)/atmel/studio/7.0/toolchain/avr8/avr8-gnu-toolchain/bin/../lib/gcc/avr/5.4.0/../../../../avr/lib/avr6\libm.a(fp_round.o)
 .bss           0x00000000        0x0 c:/program files (x86)/atmel/studio/7.0/toolchain/avr8/avr8-gnu-toolchain/bin/../lib/gcc/avr/5.4.0/../../../../avr/lib/avr6\libm.a(fp_round.o)
 .text          0x00000000        0x0 c:/program files (x86)/atmel/studio/7.0/toolchain/avr8/avr8-gnu-toolchain/bin/../lib/gcc/avr/5.4.0/../../../../avr/lib/avr6\libm.a(fp_split3.o)
 .data          0x00000000        0x0 c:/program files (x86)/atmel/studio/7.0/toolchain/avr8/avr8-gnu-toolchain/bin/../lib/gcc/avr/5.4.0/../../../../avr/lib/avr6\libm.a(fp_split3.o)
 .bss           0x00000000        0x0 c:/program files (x86)/atmel/studio/7.0/toolchain/avr8/avr8-gnu-toolchain/bin/../lib/gcc/avr/5.4.0/../../../../avr/lib/avr6\libm.a(fp_split3.o)
 .text          0x00000000        0x0 c:/program files (x86)/atmel/studio/7.0/toolchain/avr8/avr8-gnu-toolchain/bin/../lib/gcc/avr/5.4.0/../../../../avr/lib/avr6\libm.a(fp_zero.o)
 .data          0x00000000        0x0 c:/program files (x86)/atmel/studio/7.0/toolchain/avr8/avr8-gnu-toolchain/bin/../lib/gcc/avr/5.4.0/../../../../avr/lib/avr6\libm.a(fp_zero.o)
 .bss           0x00000000        0x0 c:/program files (x86)/atmel/studio/7.0/toolchain/avr8/avr8-gnu-toolchain/bin/../lib/gcc/avr/5.4.0/../../../../avr/lib/avr6\libm.a(fp_zero.o)
 .text          0x00000000        0x0 c:/program files (x86)/atmel/studio/7.0/toolchain/avr8/avr8-gnu-toolchain/bin/../lib/gcc/avr/5.4.0/avr6\libgcc.a(_divmodhi4.o)
 .data          0x00000000        0x0 c:/program files (x86)/atmel/studio/7.0/toolchain/avr8/avr8-gnu-toolchain/bin/../lib/gcc/avr/5.4.0/avr6\libgcc.a(_divmodhi4.o)
 .bss           0x00000000        0x0 c:/program files (x86)/atmel/studio/7.0/toolchain/avr8/avr8-gnu-toolchain/bin/../lib/gcc/avr/5.4.0/avr6\libgcc.a(_divmodhi4.o)
 .text.libgcc.mul
                0x00000000        0x0 c:/program files (x86)/atmel/studio/7.0/toolchain/avr8/avr8-gnu-toolchain/bin/../lib/gcc/avr/5.4.0/avr6\libgcc.a(_divmodhi4.o)
 .text.libgcc   0x00000000        0x0 c:/program files (x86)/atmel/studio/7.0/toolchain/avr8/avr8-gnu-toolchain/bin/../lib/gcc/avr/5.4.0/avr6\libgcc.a(_divmodhi4.o)
 .text.libgcc.prologue
                0x00000000        0x0 c:/program files (x86)/atmel/studio/7.0/toolchain/avr8/avr8-gnu-toolchain/bin/../lib/gcc/avr/5.4.0/avr6\libgcc.a(_divmodhi4.o)
 .text.libgcc.builtins
                0x00000000        0x0 c:/program files (x86)/atmel/studio/7.0/toolchain/avr8/avr8-gnu-toolchain/bin/../lib/gcc/avr/5.4.0/avr6\libgcc.a(_divmodhi4.o)
 .text.libgcc.fmul
                0x00000000        0x0 c:/program files (x86)/atmel/studio/7.0/toolchain/avr8/avr8-gnu-toolchain/bin/../lib/gcc/avr/5.4.0/avr6\libgcc.a(_divmodhi4.o)
 .text.libgcc.fixed
                0x00000000        0x0 c:/program files (x86)/atmel/studio/7.0/toolchain/avr8/avr8-gnu-toolchain/bin/../lib/gcc/avr/5.4.0/avr6\libgcc.a(_divmodhi4.o)
 .text          0x00000000        0x0 c:/program files (x86)/atmel/studio/7.0/toolchain/avr8/avr8-gnu-toolchain/bin/../lib/gcc/avr/5.4.0/avr6\libgcc.a(_udivmodsi4.o)
 .data          0x00000000        0x0 c:/program files (x86)/atmel/studio/7.0/toolchain/avr8/avr8-gnu-toolchain/bin/../lib/gcc/avr/5.4.0/avr6\libgcc.a(_udivmodsi4.o)
 .bss           0x00000000        0x0 c:/program files (x86)/atmel/studio/7.0/toolchain/avr8/avr8-gnu-toolchain/bin/../lib/gcc/avr/5.4.0/avr6\libgcc.a(_udivmodsi4.o)
 .text.libgcc.mul
                0x00000000        0x0 c:/program files (x86)/atmel/studio/7.0/toolchain/avr8/avr8-gnu-toolchain/bin/../lib/gcc/avr/5.4.0/avr6\libgcc.a(_udivmodsi4.o)
 .text.libgcc   0x00000000        0x0 c:/program files (x86)/atmel/studio/7.0/toolchain/avr8/avr8-gnu-toolchain/bin/../lib/gcc/avr/5.4.0/avr6\libgcc.a(_udivmodsi4.o)
 .text.libgcc.prologue
                0x00000000        0x0 c:/program files (x86)/atmel/studio/7.0/toolchain/avr8/avr8-gnu-toolchain/bin/../lib/gcc/avr/5.4.0/avr6\libgcc.a(_udivmodsi4.o)
 .text.libgcc.builtins
                0x00000000        0x0 c:/program files (x86)/atmel/studio/7.0/toolchain/avr8/avr8-gnu-toolchain/bin/../lib/gcc/avr/5.4.0/avr6\libgcc.a(_udivmodsi4.o)
 .text.libgcc.fmul
                0x00000000        0x0 c:/program files (x86)/atmel/studio/7.0/toolchain/avr8/avr8-gnu-toolchain/bin/../lib/gcc/avr/5.4.0/avr6\libgcc.a(_udivmodsi4.o)
 .text.libgcc.fixed
                0x00000000        0x0 c:/program files (x86)/atmel/studio/7.0/toolchain/avr8/avr8-gnu-toolchain/bin/../lib/gcc/avr/5.4.0/avr6\libgcc.a(_udivmodsi4.o)
 .text          0x00000000        0x0 c:/program files (x86)/atmel/studio/7.0/toolchain/avr8/avr8-gnu-toolchain/bin/../lib/gcc/avr/5.4.0/avr6\libgcc.a(_divmodsi4.o)
 .data          0x00000000        0x0 c:/program files (x86)/atmel/studio/7.0/toolchain/avr8/avr8-gnu-toolchain/bin/../lib/gcc/avr/5.4.0/avr6\libgcc.a(_divmodsi4.o)
 .bss           0x00000000        0x0 c:/program files (x86)/atmel/studio/7.0/toolchain/avr8/avr8-gnu-toolchain/bin/../lib/gcc/avr/5.4.0/avr6\libgcc.a(_divmodsi4.o)
 .text.libgcc.mul
                0x00000000        0x0 c:/program files (x86)/atmel/studio/7.0/toolchain/avr8/avr8-gnu-toolchain/bin/../lib/gcc/avr/5.4.0/avr6\libgcc.a(_divmodsi4.o)
 .text.libgcc   0x00000000        0x0 c:/program files (x86)/atmel/studio/7.0/toolchain/avr8/avr8-gnu-toolchain/bin/../lib/gcc/avr/5.4.0/avr6\libgcc.a(_divmodsi4.o)
 .text.libgcc.prologue
                0x00000000        0x0 c:/program files (x86)/atmel/studio/7.0/toolchain/avr8/avr8-gnu-toolchain/bin/../lib/gcc/avr/5.4.0/avr6\libgcc.a(_divmodsi4.o)
 .text.libgcc.builtins
                0x00000000        0x0 c:/program files (x86)/atmel/studio/7.0/toolchain/avr8/avr8-gnu-toolchain/bin/../lib/gcc/avr/5.4.0/avr6\libgcc.a(_divmodsi4.o)
 .text.libgcc.fmul
                0x00000000        0x0 c:/program files (x86)/atmel/studio/7.0/toolchain/avr8/avr8-gnu-toolchain/bin/../lib/gcc/avr/5.4.0/avr6\libgcc.a(_divmodsi4.o)
 .text.libgcc.fixed
                0x00000000        0x0 c:/program files (x86)/atmel/studio/7.0/toolchain/avr8/avr8-gnu-toolchain/bin/../lib/gcc/avr/5.4.0/avr6\libgcc.a(_divmodsi4.o)
 .text          0x00000000        0x0 c:/program files (x86)/atmel/studio/7.0/toolchain/avr8/avr8-gnu-toolchain/bin/../lib/gcc/avr/5.4.0/avr6\libgcc.a(_negsi2.o)
 .data          0x00000000        0x0 c:/program files (x86)/atmel/studio/7.0/toolchain/avr8/avr8-gnu-toolchain/bin/../lib/gcc/avr/5.4.0/avr6\libgcc.a(_negsi2.o)
 .bss           0x00000000        0x0 c:/program files (x86)/atmel/studio/7.0/toolchain/avr8/avr8-gnu-toolchain/bin/../lib/gcc/avr/5.4.0/avr6\libgcc.a(_negsi2.o)
 .text.libgcc.mul
                0x00000000        0x0 c:/program files (x86)/atmel/studio/7.0/toolchain/avr8/avr8-gnu-toolchain/bin/../lib/gcc/avr/5.4.0/avr6\libgcc.a(_negsi2.o)
 .text.libgcc   0x00000000        0x0 c:/program files (x86)/atmel/studio/7.0/toolchain/avr8/avr8-gnu-toolchain/bin/../lib/gcc/avr/5.4.0/avr6\libgcc.a(_negsi2.o)
 .text.libgcc.prologue
                0x00000000        0x0 c:/program files (x86)/atmel/studio/7.0/toolchain/avr8/avr8-gnu-toolchain/bin/../lib/gcc/avr/5.4.0/avr6\libgcc.a(_negsi2.o)
 .text.libgcc.builtins
                0x00000000        0x0 c:/program files (x86)/atmel/studio/7.0/toolchain/avr8/avr8-gnu-toolchain/bin/../lib/gcc/avr/5.4.0/avr6\libgcc.a(_negsi2.o)
 .text.libgcc.fmul
                0x00000000        0x0 c:/program files (x86)/atmel/studio/7.0/toolchain/avr8/avr8-gnu-toolchain/bin/../lib/gcc/avr/5.4.0/avr6\libgcc.a(_negsi2.o)
 .text.libgcc.fixed
                0x00000000        0x0 c:/program files (x86)/atmel/studio/7.0/toolchain/avr8/avr8-gnu-toolchain/bin/../lib/gcc/avr/5.4.0/avr6\libgcc.a(_negsi2.o)
 .text          0x00000000        0x0 c:/program files (x86)/atmel/studio/7.0/toolchain/avr8/avr8-gnu-toolchain/bin/../lib/gcc/avr/5.4.0/avr6\libgcc.a(_exit.o)
 .data          0x00000000        0x0 c:/program files (x86)/atmel/studio/7.0/toolchain/avr8/avr8-gnu-toolchain/bin/../lib/gcc/avr/5.4.0/avr6\libgcc.a(_exit.o)
 .bss           0x00000000        0x0 c:/program files (x86)/atmel/studio/7.0/toolchain/avr8/avr8-gnu-toolchain/bin/../lib/gcc/avr/5.4.0/avr6\libgcc.a(_exit.o)
 .text.libgcc.mul
                0x00000000        0x0 c:/program files (x86)/atmel/studio/7.0/toolchain/avr8/avr8-gnu-toolchain/bin/../lib/gcc/avr/5.4.0/avr6\libgcc.a(_exit.o)
 .text.libgcc.div
                0x00000000        0x0 c:/program files (x86)/atmel/studio/7.0/toolchain/avr8/avr8-gnu-toolchain/bin/../lib/gcc/avr/5.4.0/avr6\libgcc.a(_exit.o)
 .text.libgcc   0x00000000        0x0 c:/program files (x86)/atmel/studio/7.0/toolchain/avr8/avr8-gnu-toolchain/bin/../lib/gcc/avr/5.4.0/avr6\libgcc.a(_exit.o)
 .text.libgcc.prologue
                0x00000000        0x0 c:/program files (x86)/atmel/studio/7.0/toolchain/avr8/avr8-gnu-toolchain/bin/../lib/gcc/avr/5.4.0/avr6\libgcc.a(_exit.o)
 .text.libgcc.builtins
                0x00000000        0x0 c:/program files (x86)/atmel/studio/7.0/toolchain/avr8/avr8-gnu-toolchain/bin/../lib/gcc/avr/5.4.0/avr6\libgcc.a(_exit.o)
 .text.libgcc.fmul
                0x00000000        0x0 c:/program files (x86)/atmel/studio/7.0/toolchain/avr8/avr8-gnu-toolchain/bin/../lib/gcc/avr/5.4.0/avr6\libgcc.a(_exit.o)
 .text.libgcc.fixed
                0x00000000        0x0 c:/program files (x86)/atmel/studio/7.0/toolchain/avr8/avr8-gnu-toolchain/bin/../lib/gcc/avr/5.4.0/avr6\libgcc.a(_exit.o)
 .text          0x00000000        0x0 c:/program files (x86)/atmel/studio/7.0/toolchain/avr8/avr8-gnu-toolchain/bin/../lib/gcc/avr/5.4.0/avr6\libgcc.a(_tablejump2.o)
 .data          0x00000000        0x0 c:/program files (x86)/atmel/studio/7.0/toolchain/avr8/avr8-gnu-toolchain/bin/../lib/gcc/avr/5.4.0/avr6\libgcc.a(_tablejump2.o)
 .bss           0x00000000        0x0 c:/program files (x86)/atmel/studio/7.0/toolchain/avr8/avr8-gnu-toolchain/bin/../lib/gcc/avr/5.4.0/avr6\libgcc.a(_tablejump2.o)
 .text.libgcc.mul
                0x00000000        0x0 c:/program files (x86)/atmel/studio/7.0/toolchain/avr8/avr8-gnu-toolchain/bin/../lib/gcc/avr/5.4.0/avr6\libgcc.a(_tablejump2.o)
 .text.libgcc.div
                0x00000000        0x0 c:/program files (x86)/atmel/studio/7.0/toolchain/avr8/avr8-gnu-toolchain/bin/../lib/gcc/avr/5.4.0/avr6\libgcc.a(_tablejump2.o)
 .text.libgcc.prologue
                0x00000000        0x0 c:/program files (x86)/atmel/studio/7.0/toolchain/avr8/avr8-gnu-toolchain/bin/../lib/gcc/avr/5.4.0/avr6\libgcc.a(_tablejump2.o)
 .text.libgcc.builtins
                0x00000000        0x0 c:/program files (x86)/atmel/studio/7.0/toolchain/avr8/avr8-gnu-toolchain/bin/../lib/gcc/avr/5.4.0/avr6\libgcc.a(_tablejump2.o)
 .text.libgcc.fmul
                0x00000000        0x0 c:/program files (x86)/atmel/studio/7.0/toolchain/avr8/avr8-gnu-toolchain/bin/../lib/gcc/avr/5.4.0/avr6\libgcc.a(_tablejump2.o)
 .text.libgcc.fixed
                0x00000000        0x0 c:/program files (x86)/atmel/studio/7.0/toolchain/avr8/avr8-gnu-toolchain/bin/../lib/gcc/avr/5.4.0/avr6\libgcc.a(_tablejump2.o)
 .text          0x00000000        0x0 c:/program files (x86)/atmel/studio/7.0/toolchain/avr8/avr8-gnu-toolchain/bin/../lib/gcc/avr/5.4.0/avr6\libgcc.a(_copy_data.o)
 .data          0x00000000        0x0 c:/program files (x86)/atmel/studio/7.0/toolchain/avr8/avr8-gnu-toolchain/bin/../lib/gcc/avr/5.4.0/avr6\libgcc.a(_copy_data.o)
 .bss           0x00000000        0x0 c:/program files (x86)/atmel/studio/7.0/toolchain/avr8/avr8-gnu-toolchain/bin/../lib/gcc/avr/5.4.0/avr6\libgcc.a(_copy_data.o)
 .text.libgcc.mul
                0x00000000        0x0 c:/program files (x86)/atmel/studio/7.0/toolchain/avr8/avr8-gnu-toolchain/bin/../lib/gcc/avr/5.4.0/avr6\libgcc.a(_copy_data.o)
 .text.libgcc.div
                0x00000000        0x0 c:/program files (x86)/atmel/studio/7.0/toolchain/avr8/avr8-gnu-toolchain/bin/../lib/gcc/avr/5.4.0/avr6\libgcc.a(_copy_data.o)
 .text.libgcc   0x00000000        0x0 c:/program files (x86)/atmel/studio/7.0/toolchain/avr8/avr8-gnu-toolchain/bin/../lib/gcc/avr/5.4.0/avr6\libgcc.a(_copy_data.o)
 .text.libgcc.prologue
                0x00000000        0x0 c:/program files (x86)/atmel/studio/7.0/toolchain/avr8/avr8-gnu-toolchain/bin/../lib/gcc/avr/5.4.0/avr6\libgcc.a(_copy_data.o)
 .text.libgcc.builtins
                0x00000000        0x0 c:/program files (x86)/atmel/studio/7.0/toolchain/avr8/avr8-gnu-toolchain/bin/../lib/gcc/avr/5.4.0/avr6\libgcc.a(_copy_data.o)
 .text.libgcc.fmul
                0x00000000        0x0 c:/program files (x86)/atmel/studio/7.0/toolchain/avr8/avr8-gnu-toolchain/bin/../lib/gcc/avr/5.4.0/avr6\libgcc.a(_copy_data.o)
 .text.libgcc.fixed
                0x00000000        0x0 c:/program files (x86)/atmel/studio/7.0/toolchain/avr8/avr8-gnu-toolchain/bin/../lib/gcc/avr/5.4.0/avr6\libgcc.a(_copy_data.o)
 .text          0x00000000        0x0 c:/program files (x86)/atmel/studio/7.0/toolchain/avr8/avr8-gnu-toolchain/bin/../lib/gcc/avr/5.4.0/avr6\libgcc.a(_clear_bss.o)
 .data          0x00000000        0x0 c:/program files (x86)/atmel/studio/7.0/toolchain/avr8/avr8-gnu-toolchain/bin/../lib/gcc/avr/5.4.0/avr6\libgcc.a(_clear_bss.o)
 .bss           0x00000000        0x0 c:/program files (x86)/atmel/studio/7.0/toolchain/avr8/avr8-gnu-toolchain/bin/../lib/gcc/avr/5.4.0/avr6\libgcc.a(_clear_bss.o)
 .text.libgcc.mul
                0x00000000        0x0 c:/program files (x86)/atmel/studio/7.0/toolchain/avr8/avr8-gnu-toolchain/bin/../lib/gcc/avr/5.4.0/avr6\libgcc.a(_clear_bss.o)
 .text.libgcc.div
                0x00000000        0x0 c:/program files (x86)/atmel/studio/7.0/toolchain/avr8/avr8-gnu-toolchain/bin/../lib/gcc/avr/5.4.0/avr6\libgcc.a(_clear_bss.o)
 .text.libgcc   0x00000000        0x0 c:/program files (x86)/atmel/studio/7.0/toolchain/avr8/avr8-gnu-toolchain/bin/../lib/gcc/avr/5.4.0/avr6\libgcc.a(_clear_bss.o)
 .text.libgcc.prologue
                0x00000000        0x0 c:/program files (x86)/atmel/studio/7.0/toolchain/avr8/avr8-gnu-toolchain/bin/../lib/gcc/avr/5.4.0/avr6\libgcc.a(_clear_bss.o)
 .text.libgcc.builtins
                0x00000000        0x0 c:/program files (x86)/atmel/studio/7.0/toolchain/avr8/avr8-gnu-toolchain/bin/../lib/gcc/avr/5.4.0/avr6\libgcc.a(_clear_bss.o)
 .text.libgcc.fmul
                0x00000000        0x0 c:/program files (x86)/atmel/studio/7.0/toolchain/avr8/avr8-gnu-toolchain/bin/../lib/gcc/avr/5.4.0/avr6\libgcc.a(_clear_bss.o)
 .text.libgcc.fixed
                0x00000000        0x0 c:/program files (x86)/atmel/studio/7.0/toolchain/avr8/avr8-gnu-toolchain/bin/../lib/gcc/avr/5.4.0/avr6\libgcc.a(_clear_bss.o)
 .text          0x00000000        0x0 c:/program files (x86)/atmel/studio/7.0/toolchain/avr8/avr8-gnu-toolchain/bin/../lib/gcc/avr/5.4.0/avr6\libgcc.a(_umulhisi3.o)
 .data          0x00000000        0x0 c:/program files (x86)/atmel/studio/7.0/toolchain/avr8/avr8-gnu-toolchain/bin/../lib/gcc/avr/5.4.0/avr6\libgcc.a(_umulhisi3.o)
 .bss           0x00000000        0x0 c:/program files (x86)/atmel/studio/7.0/toolchain/avr8/avr8-gnu-toolchain/bin/../lib/gcc/avr/5.4.0/avr6\libgcc.a(_umulhisi3.o)
 .text.libgcc.div
                0x00000000        0x0 c:/program files (x86)/atmel/studio/7.0/toolchain/avr8/avr8-gnu-toolchain/bin/../lib/gcc/avr/5.4.0/avr6\libgcc.a(_umulhisi3.o)
 .text.libgcc   0x00000000        0x0 c:/program files (x86)/atmel/studio/7.0/toolchain/avr8/avr8-gnu-toolchain/bin/../lib/gcc/avr/5.4.0/avr6\libgcc.a(_umulhisi3.o)
 .text.libgcc.prologue
                0x00000000        0x0 c:/program files (x86)/atmel/studio/7.0/toolchain/avr8/avr8-gnu-toolchain/bin/../lib/gcc/avr/5.4.0/avr6\libgcc.a(_umulhisi3.o)
 .text.libgcc.builtins
                0x00000000        0x0 c:/program files (x86)/atmel/studio/7.0/toolchain/avr8/avr8-gnu-toolchain/bin/../lib/gcc/avr/5.4.0/avr6\libgcc.a(_umulhisi3.o)
 .text.libgcc.fmul
                0x00000000        0x0 c:/program files (x86)/atmel/studio/7.0/toolchain/avr8/avr8-gnu-toolchain/bin/../lib/gcc/avr/5.4.0/avr6\libgcc.a(_umulhisi3.o)
 .text.libgcc.fixed
                0x00000000        0x0 c:/program files (x86)/atmel/studio/7.0/toolchain/avr8/avr8-gnu-toolchain/bin/../lib/gcc/avr/5.4.0/avr6\libgcc.a(_umulhisi3.o)
 .text          0x00000000        0x0 c:/program files (x86)/atmel/studio/7.0/toolchain/avr8/avr8-gnu-toolchain/bin/../lib/gcc/avr/5.4.0/avr6\libgcc.a(_udivmodhi4.o)
 .data          0x00000000        0x0 c:/program files (x86)/atmel/studio/7.0/toolchain/avr8/avr8-gnu-toolchain/bin/../lib/gcc/avr/5.4.0/avr6\libgcc.a(_udivmodhi4.o)
 .bss           0x00000000        0x0 c:/program files (x86)/atmel/studio/7.0/toolchain/avr8/avr8-gnu-toolchain/bin/../lib/gcc/avr/5.4.0/avr6\libgcc.a(_udivmodhi4.o)
 .text.libgcc.mul
                0x00000000        0x0 c:/program files (x86)/atmel/studio/7.0/toolchain/avr8/avr8-gnu-toolchain/bin/../lib/gcc/avr/5.4.0/avr6\libgcc.a(_udivmodhi4.o)
 .text.libgcc   0x00000000        0x0 c:/program files (x86)/atmel/studio/7.0/toolchain/avr8/avr8-gnu-toolchain/bin/../lib/gcc/avr/5.4.0/avr6\libgcc.a(_udivmodhi4.o)
 .text.libgcc.prologue
                0x00000000        0x0 c:/program files (x86)/atmel/studio/7.0/toolchain/avr8/avr8-gnu-toolchain/bin/../lib/gcc/avr/5.4.0/avr6\libgcc.a(_udivmodhi4.o)
 .text.libgcc.builtins
                0x00000000        0x0 c:/program files (x86)/atmel/studio/7.0/toolchain/avr8/avr8-gnu-toolchain/bin/../lib/gcc/avr/5.4.0/avr6\libgcc.a(_udivmodhi4.o)
 .text.libgcc.fmul
                0x00000000        0x0 c:/program files (x86)/atmel/studio/7.0/toolchain/avr8/avr8-gnu-toolchain/bin/../lib/gcc/avr/5.4.0/avr6\libgcc.a(_udivmodhi4.o)
 .text.libgcc.fixed
                0x00000000        0x0 c:/program files (x86)/atmel/studio/7.0/toolchain/avr8/avr8-gnu-toolchain/bin/../lib/gcc/avr/5.4.0/avr6\libgcc.a(_udivmodhi4.o)
 .text          0x00000000        0x0 C:/Program Files (x86)/Atmel/Studio/7.0/Packs/atmel/ATmega_DFP/1.2.209/gcc/dev/atmega2560/avr6\libatmega2560.a(eerd_block.o)
 .data          0x00000000        0x0 C:/Program Files (x86)/Atmel/Studio/7.0/Packs/atmel/ATmega_DFP/1.2.209/gcc/dev/atmega2560/avr6\libatmega2560.a(eerd_block.o)
 .bss           0x00000000        0x0 C:/Program Files (x86)/Atmel/Studio/7.0/Packs/atmel/ATmega_DFP/1.2.209/gcc/dev/atmega2560/avr6\libatmega2560.a(eerd_block.o)
 .text          0x00000000        0x0 C:/Program Files (x86)/Atmel/Studio/7.0/Packs/atmel/ATmega_DFP/1.2.209/gcc/dev/atmega2560/avr6\libatmega2560.a(eerd_byte.o)
 .data          0x00000000        0x0 C:/Program Files (x86)/Atmel/Studio/7.0/Packs/atmel/ATmega_DFP/1.2.209/gcc/dev/atmega2560/avr6\libatmega2560.a(eerd_byte.o)
 .bss           0x00000000        0x0 C:/Program Files (x86)/Atmel/Studio/7.0/Packs/atmel/ATmega_DFP/1.2.209/gcc/dev/atmega2560/avr6\libatmega2560.a(eerd_byte.o)
 .text          0x00000000        0x0 C:/Program Files (x86)/Atmel/Studio/7.0/Packs/atmel/ATmega_DFP/1.2.209/gcc/dev/atmega2560/avr6\libatmega2560.a(eewr_block.o)
 .data          0x00000000        0x0 C:/Program Files (x86)/Atmel/Studio/7.0/Packs/atmel/ATmega_DFP/1.2.209/gcc/dev/atmega2560/avr6\libatmega2560.a(eewr_block.o)
 .bss           0x00000000        0x0 C:/Program Files (x86)/Atmel/Studio/7.0/Packs/atmel/ATmega_DFP/1.2.209/gcc/dev/atmega2560/avr6\libatmega2560.a(eewr_block.o)
 .text          0x00000000        0x0 C:/Program Files (x86)/Atmel/Studio/7.0/Packs/atmel/ATmega_DFP/1.2.209/gcc/dev/atmega2560/avr6\libatmega2560.a(eewr_byte.o)
 .data          0x00000000        0x0 C:/Program Files (x86)/Atmel/Studio/7.0/Packs/atmel/ATmega_DFP/1.2.209/gcc/dev/atmega2560/avr6\libatmega2560.a(eewr_byte.o)
 .bss           0x00000000        0x0 C:/Program Files (x86)/Atmel/Studio/7.0/Packs/atmel/ATmega_DFP/1.2.209/gcc/dev/atmega2560/avr6\libatmega2560.a(eewr_byte.o)

Memory Configuration

Name             Origin             Length             Attributes
text             0x00000000         0x00100000         xr
data             0x00800200         0x0000fe00         rw !x
eeprom           0x00810000         0x00010000         rw !x
fuse             0x00820000         0x00000003         rw !x
lock             0x00830000         0x00000400         rw !x
signature        0x00840000         0x00000400         rw !x
user_signatures  0x00850000         0x00000400         rw !x
*default*        0x00000000         0xffffffff

Linker script and memory map

Address of section .data set to 0x800200
LOAD C:/Program Files (x86)/Atmel/Studio/7.0/Packs/atmel/ATmega_DFP/1.2.209/gcc/dev/atmega2560/avr6/crtatmega2560.o
LOAD ButtonLib.o
LOAD DebounceLib.o
LOAD EncoderLib.o
LOAD globalVariables.o
LOAD knobLib.o
LOAD LEDLib.o
LOAD main.o
LOAD menu.o
LOAD MidiLib.o
LOAD OLEDLib.o
LOAD sequencerLib.o
LOAD serialLib.o
LOAD tsunamiLib.o
LOAD twiLib.o
START GROUP
LOAD c:/program files (x86)/atmel/studio/7.0/toolchain/avr8/avr8-gnu-toolchain/bin/../lib/gcc/avr/5.4.0/../../../../avr/lib/avr6\libm.a
END GROUP
START GROUP
LOAD c:/program files (x86)/atmel/studio/7.0/toolchain/avr8/avr8-gnu-toolchain/bin/../lib/gcc/avr/5.4.0/avr6\libgcc.a
LOAD c:/program files (x86)/atmel/studio/7.0/toolchain/avr8/avr8-gnu-toolchain/bin/../lib/gcc/avr/5.4.0/../../../../avr/lib/avr6\libm.a
LOAD c:/program files (x86)/atmel/studio/7.0/toolchain/avr8/avr8-gnu-toolchain/bin/../lib/gcc/avr/5.4.0/../../../../avr/lib/avr6\libc.a
LOAD C:/Program Files (x86)/Atmel/Studio/7.0/Packs/atmel/ATmega_DFP/1.2.209/gcc/dev/atmega2560/avr6\libatmega2560.a
END GROUP
                0x00000000                __TEXT_REGION_ORIGIN__ = DEFINED (__TEXT_REGION_ORIGIN__)?__TEXT_REGION_ORIGIN__:0x0
                0x00800200                __DATA_REGION_ORIGIN__ = DEFINED (__DATA_REGION_ORIGIN__)?__DATA_REGION_ORIGIN__:0x800200
                0x00100000                __TEXT_REGION_LENGTH__ = DEFINED (__TEXT_REGION_LENGTH__)?__TEXT_REGION_LENGTH__:0x100000
                0x0000fe00                __DATA_REGION_LENGTH__ = DEFINED (__DATA_REGION_LENGTH__)?__DATA_REGION_LENGTH__:0xfe00
                0x00010000                __EEPROM_REGION_LENGTH__ = DEFINED (__EEPROM_REGION_LENGTH__)?__EEPROM_REGION_LENGTH__:0x10000
                [0x00000003]                __FUSE_REGION_LENGTH__ = DEFINED (__FUSE_REGION_LENGTH__)?__FUSE_REGION_LENGTH__:0x400
                0x00000400                __LOCK_REGION_LENGTH__ = DEFINED (__LOCK_REGION_LENGTH__)?__LOCK_REGION_LENGTH__:0x400
                0x00000400                __SIGNATURE_REGION_LENGTH__ = DEFINED (__SIGNATURE_REGION_LENGTH__)?__SIGNATURE_REGION_LENGTH__:0x400
                0x00000400                __USER_SIGNATURE_REGION_LENGTH__ = DEFINED (__USER_SIGNATURE_REGION_LENGTH__)?__USER_SIGNATURE_REGION_LENGTH__:0x400

.hash
 *(.hash)

.dynsym
 *(.dynsym)

.dynstr
 *(.dynstr)

.gnu.version
 *(.gnu.version)

.gnu.version_d
 *(.gnu.version_d)

.gnu.version_r
 *(.gnu.version_r)

.rel.init
 *(.rel.init)

.rela.init
 *(.rela.init)

.rel.text
 *(.rel.text)
 *(.rel.text.*)
 *(.rel.gnu.linkonce.t*)

.rela.text
 *(.rela.text)
 *(.rela.text.*)
 *(.rela.gnu.linkonce.t*)

.rel.fini
 *(.rel.fini)

.rela.fini
 *(.rela.fini)

.rel.rodata
 *(.rel.rodata)
 *(.rel.rodata.*)
 *(.rel.gnu.linkonce.r*)

.rela.rodata
 *(.rela.rodata)
 *(.rela.rodata.*)
 *(.rela.gnu.linkonce.r*)

.rel.data
 *(.rel.data)
 *(.rel.data.*)
 *(.rel.gnu.linkonce.d*)

.rela.data
 *(.rela.data)
 *(.rela.data.*)
 *(.rela.gnu.linkonce.d*)

.rel.ctors
 *(.rel.ctors)

.rela.ctors
 *(.rela.ctors)

.rel.dtors
 *(.rel.dtors)

.rela.dtors
 *(.rela.dtors)

.rel.got
 *(.rel.got)

.rela.got
 *(.rela.got)

.rel.bss
 *(.rel.bss)

.rela.bss
 *(.rela.bss)

.rel.plt
 *(.rel.plt)

.rela.plt
 *(.rela.plt)

.text           0x00000000     0x4030
 *(.vectors)
 .vectors       0x00000000       0xe4 C:/Program Files (x86)/Atmel/Studio/7.0/Packs/atmel/ATmega_DFP/1.2.209/gcc/dev/atmega2560/avr6/crtatmega2560.o
                0x00000000                __vector_default
                0x00000000                __vectors
 *(.vectors)
 *(.progmem.gcc*)
 .progmem.gcc_sw_table.listenEncoders
                0x000000e4       0x76 EncoderLib.o
 .progmem.gcc_sw_table.updateScreen
                0x0000015a       0x76 menu.o
 .progmem.gcc_sw_table.midiNotePrinter
                0x000001d0       0x18 OLEDLib.o
                0x000001e8                . = ALIGN (0x2)
                0x000001e8                __trampolines_start = .
 *(.trampolines)
 .trampolines   0x000001e8        0x0 linker stubs
 *(.trampolines*)
                0x000001e8                __trampolines_end = .
 *libprintf_flt.a:*(.progmem.data)
 *libc.a:*(.progmem.data)
 *(.progmem*)
                0x000001e8                . = ALIGN (0x2)
 *(.jumptables)
 *(.jumptables*)
 *(.lowtext)
 *(.lowtext*)
                0x000001e8                __ctors_start = .
 *(.ctors)
                0x000001e8                __ctors_end = .
                0x000001e8                __dtors_start = .
 *(.dtors)
                0x000001e8                __dtors_end = .
 SORT(*)(.ctors)
 SORT(*)(.dtors)
 *(.init0)
 .init0         0x000001e8        0x0 C:/Program Files (x86)/Atmel/Studio/7.0/Packs/atmel/ATmega_DFP/1.2.209/gcc/dev/atmega2560/avr6/crtatmega2560.o
                0x000001e8                __init
 *(.init0)
 *(.init1)
 *(.init1)
 *(.init2)
 .init2         0x000001e8       0x10 C:/Program Files (x86)/Atmel/Studio/7.0/Packs/atmel/ATmega_DFP/1.2.209/gcc/dev/atmega2560/avr6/crtatmega2560.o
 *(.init2)
 *(.init3)
 *(.init3)
 *(.init4)
 .init4         0x000001f8       0x1a c:/program files (x86)/atmel/studio/7.0/toolchain/avr8/avr8-gnu-toolchain/bin/../lib/gcc/avr/5.4.0/avr6\libgcc.a(_copy_data.o)
                0x000001f8                __do_copy_data
 .init4         0x00000212       0x10 c:/program files (x86)/atmel/studio/7.0/toolchain/avr8/avr8-gnu-toolchain/bin/../lib/gcc/avr/5.4.0/avr6\libgcc.a(_clear_bss.o)
                0x00000212                __do_clear_bss
 *(.init4)
 *(.init5)
 *(.init5)
 *(.init6)
 *(.init6)
 *(.init7)
 *(.init7)
 *(.init8)
 *(.init8)
 *(.init9)
 .init9         0x00000222        0x8 C:/Program Files (x86)/Atmel/Studio/7.0/Packs/atmel/ATmega_DFP/1.2.209/gcc/dev/atmega2560/avr6/crtatmega2560.o
 *(.init9)
 *(.text)
 .text          0x0000022a        0x2 C:/Program Files (x86)/Atmel/Studio/7.0/Packs/atmel/ATmega_DFP/1.2.209/gcc/dev/atmega2560/avr6/crtatmega2560.o
                0x0000022a                __vector_38
                0x0000022a                __vector_22
                0x0000022a                __vector_28
                0x0000022a                __vector_1
                0x0000022a                __vector_32
                0x0000022a                __vector_34
                0x0000022a                __vector_24
                0x0000022a                __vector_12
                0x0000022a                __vector_55
                0x0000022a                __vector_46
                0x0000022a                __bad_interrupt
                0x0000022a                __vector_31
                0x0000022a                __vector_35
                0x0000022a                __vector_39
                0x0000022a                __vector_23
                0x0000022a                __vector_30
                0x0000022a                __vector_45
                0x0000022a                __vector_25
                0x0000022a                __vector_11
                0x0000022a                __vector_17
                0x0000022a                __vector_19
                0x0000022a                __vector_56
                0x0000022a                __vector_7
                0x0000022a                __vector_49
                0x0000022a                __vector_41
                0x0000022a                __vector_43
                0x0000022a                __vector_33
                0x0000022a                __vector_47
                0x0000022a                __vector_52
                0x0000022a                __vector_37
                0x0000022a                __vector_44
                0x0000022a                __vector_51
                0x0000022a                __vector_9
                0x0000022a                __vector_2
                0x0000022a                __vector_21
                0x0000022a                __vector_36
                0x0000022a                __vector_29
                0x0000022a                __vector_40
                0x0000022a                __vector_8
                0x0000022a                __vector_26
                0x0000022a                __vector_48
                0x0000022a                __vector_14
                0x0000022a                __vector_53
                0x0000022a                __vector_10
                0x0000022a                __vector_50
                0x0000022a                __vector_16
                0x0000022a                __vector_18
                0x0000022a                __vector_20
                0x0000022a                __vector_42
                0x0000022c                . = ALIGN (0x2)
 *(.text.*)
 .text.__vector_15
                0x0000022c       0x62 ButtonLib.o
                0x0000022c                __vector_15
 .text.initButtons
                0x0000028e        0xe ButtonLib.o
                0x0000028e                initButtons
 .text.listenTrigButtons
                0x0000029c       0xd2 ButtonLib.o
                0x0000029c                listenTrigButtons
 .text.listenGPButtons
                0x0000036e      0x10c ButtonLib.o
                0x0000036e                listenGPButtons
 .text.button_down
                0x0000047a       0x18 DebounceLib.o
                0x0000047a                button_down
 .text.initEncoders
                0x00000492       0x1c EncoderLib.o
                0x00000492                initEncoders
 .text.__vector_3
                0x000004ae       0x40 EncoderLib.o
                0x000004ae                __vector_3
 .text.__vector_4
                0x000004ee       0x40 EncoderLib.o
                0x000004ee                __vector_4
 .text.__vector_5
                0x0000052e       0x40 EncoderLib.o
                0x0000052e                __vector_5
 .text.__vector_6
                0x0000056e       0x40 EncoderLib.o
                0x0000056e                __vector_6
 .text.listenEncoders
                0x000005ae      0x450 EncoderLib.o
                0x000005ae                listenEncoders
 .text.listenEnoderReset
                0x000009fe       0x18 EncoderLib.o
                0x000009fe                listenEnoderReset
 .text.initArrays
                0x00000a16       0x7e globalVariables.o
                0x00000a16                initArrays
 .text.initBank
                0x00000a94       0x5e globalVariables.o
                0x00000a94                initBank
 .text.initGlobals
                0x00000af2       0x86 globalVariables.o
                0x00000af2                initGlobals
 .text.initTimer
                0x00000b78       0x18 globalVariables.o
                0x00000b78                initTimer
 .text.updateTimers
                0x00000b90       0x7c globalVariables.o
                0x00000b90                updateTimers
 .text.factoryResetCheck
                0x00000c0c      0x128 globalVariables.o
                0x00000c0c                factoryResetCheck
 .text.startADCConversion
                0x00000d34       0x16 knobLib.o
                0x00000d34                startADCConversion
 .text.initADC  0x00000d4a       0x2a knobLib.o
                0x00000d4a                initADC
 .text.selectKnob
                0x00000d74       0x80 knobLib.o
                0x00000d74                selectKnob
 .text.updateKnob
                0x00000df4       0x3e knobLib.o
                0x00000df4                updateKnob
 .text.initializeKnob
                0x00000e32       0x18 knobLib.o
                0x00000e32                initializeKnob
 .text.interperetKnob
                0x00000e4a      0x420 knobLib.o
                0x00000e4a                interperetKnob
 .text.listenKnobs
                0x0000126a       0x34 knobLib.o
                0x0000126a                listenKnobs
 .text.initLEDs
                0x0000129e        0x6 LEDLib.o
                0x0000129e                initLEDs
 .text.parseLEDs
                0x000012a4       0x34 LEDLib.o
                0x000012a4                parseLEDs
 .text.updateLEDs
                0x000012d8       0x7a LEDLib.o
                0x000012d8                updateLEDs
 .text.main     0x00001352      0x294 main.o
                0x00001352                main
 .text.__vector_13
                0x000015e6       0xd4 main.o
                0x000015e6                __vector_13
 .text.initMenu
                0x000016ba      0x20e menu.o
                0x000016ba                initMenu
 .text.reInitMenuOnLoad
                0x000018c8       0x72 menu.o
                0x000018c8                reInitMenuOnLoad
 .text.updateScreen
                0x0000193a      0xb10 menu.o
                0x0000193a                updateScreen
 .text.__vector_54
                0x0000244a      0x116 MidiLib.o
                0x0000244a                __vector_54
 .text.initMidi
                0x00002560       0x20 MidiLib.o
                0x00002560                initMidi
 .text.midiRead
                0x00002580       0xf4 MidiLib.o
                0x00002580                midiRead
 .text.enableCycle
                0x00002674       0x1a OLEDLib.o
                0x00002674                enableCycle
 .text.command  0x0000268e       0x10 OLEDLib.o
                0x0000268e                command
 .text.data     0x0000269e       0x10 OLEDLib.o
                0x0000269e                data
 .text.initScreen
                0x000026ae       0xba OLEDLib.o
                0x000026ae                initScreen
 .text.outputS  0x00002768       0x30 OLEDLib.o
                0x00002768                outputS
 .text.numPrinter
                0x00002798      0x38c OLEDLib.o
                0x00002798                numPrinter
 .text.midiNotePrinter
                0x00002b24       0x92 OLEDLib.o
                0x00002b24                midiNotePrinter
 .text.updateSequencer
                0x00002bb6       0xd6 sequencerLib.o
                0x00002bb6                updateSequencer
 .text.__vector_27
                0x00002c8c       0x7a serialLib.o
                0x00002c8c                __vector_27
 .text.appendSerial0
                0x00002d06       0x30 serialLib.o
                0x00002d06                appendSerial0
 .text.serialWrite0
                0x00002d36       0x3a serialLib.o
                0x00002d36                serialWrite0
 .text.serialInit0
                0x00002d70       0x18 serialLib.o
                0x00002d70                serialInit0
 .text.trackControl
                0x00002d88       0x4c tsunamiLib.o
                0x00002d88                trackControl
 .text.setOutputVolume
                0x00002dd4       0x48 tsunamiLib.o
                0x00002dd4                setOutputVolume
 .text.setTrackVolume
                0x00002e1c       0x4a tsunamiLib.o
                0x00002e1c                setTrackVolume
 .text.setTrackFade
                0x00002e66       0x5c tsunamiLib.o
                0x00002e66                setTrackFade
 .text.outputSampleRate
                0x00002ec2       0x48 tsunamiLib.o
                0x00002ec2                outputSampleRate
 .text.playTrack
                0x00002f0a      0x2ba tsunamiLib.o
                0x00002f0a                playTrack
 .text.releaseUpdate
                0x000031c4       0xfc tsunamiLib.o
                0x000031c4                releaseUpdate
 .text.twi_init
                0x000032c0        0xc twiLib.o
                0x000032c0                twi_init
 .text.twi_start
                0x000032cc       0x4e twiLib.o
                0x000032cc                twi_start
 .text.twi_stop
                0x0000331a       0x12 twiLib.o
                0x0000331a                twi_stop
 .text.twi_write
                0x0000332c       0x24 twiLib.o
                0x0000332c                twi_write
 .text.twi_readAck
                0x00003350       0x16 twiLib.o
                0x00003350                twi_readAck
 .text.twi_readNak
                0x00003366       0x16 twiLib.o
                0x00003366                twi_readNak
 .text.eepromSavePattern
                0x0000337c      0x3da twiLib.o
                0x0000337c                eepromSavePattern
 .text.eepromLoadPattern
                0x00003756      0x364 twiLib.o
                0x00003756                eepromLoadPattern
 .text.factoryResetEeprom
                0x00003aba       0xbc twiLib.o
                0x00003aba                factoryResetEeprom
 .text.globalWrite
                0x00003b76       0x22 twiLib.o
                0x00003b76                globalWrite
 .text.globalLoad
                0x00003b98       0x26 twiLib.o
                0x00003b98                globalLoad
 .text.avr-libc.fplib
                0x00003bbe        0xa c:/program files (x86)/atmel/studio/7.0/toolchain/avr8/avr8-gnu-toolchain/bin/../lib/gcc/avr/5.4.0/../../../../avr/lib/avr6\libm.a(addsf3.o)
                0x00003bbe                __subsf3
                0x00003bc0                __addsf3
 .text.avr-libc.fplib
                0x00003bc8       0xc0 c:/program files (x86)/atmel/studio/7.0/toolchain/avr8/avr8-gnu-toolchain/bin/../lib/gcc/avr/5.4.0/../../../../avr/lib/avr6\libm.a(addsf3x.o)
                0x00003be2                __addsf3x
 .text.avr-libc.fplib
                0x00003c88        0x4 c:/program files (x86)/atmel/studio/7.0/toolchain/avr8/avr8-gnu-toolchain/bin/../lib/gcc/avr/5.4.0/../../../../avr/lib/avr6\libm.a(divsf3.o)
                0x00003c88                __divsf3
 .text.avr-libc.fplib
                0x00003c8c       0xcc c:/program files (x86)/atmel/studio/7.0/toolchain/avr8/avr8-gnu-toolchain/bin/../lib/gcc/avr/5.4.0/../../../../avr/lib/avr6\libm.a(divsf3x.o)
                0x00003ca2                __divsf3x
                0x00003ca6                __divsf3_pse
 .text.avr-libc.fplib
                0x00003d58        0xa c:/program files (x86)/atmel/studio/7.0/toolchain/avr8/avr8-gnu-toolchain/bin/../lib/gcc/avr/5.4.0/../../../../avr/lib/avr6\libm.a(fixsfsi.o)
                0x00003d58                __fixsfsi
 .text.avr-libc.fplib
                0x00003d62       0x58 c:/program files (x86)/atmel/studio/7.0/toolchain/avr8/avr8-gnu-toolchain/bin/../lib/gcc/avr/5.4.0/../../../../avr/lib/avr6\libm.a(fixunssfsi.o)
                0x00003d62                __fixunssfsi
 .text.avr-libc.fplib
                0x00003dba       0x7a c:/program files (x86)/atmel/studio/7.0/toolchain/avr8/avr8-gnu-toolchain/bin/../lib/gcc/avr/5.4.0/../../../../avr/lib/avr6\libm.a(floatsisf.o)
                0x00003dba                __floatunsisf
                0x00003dbe                __floatsisf
 .text.avr-libc.fplib
                0x00003e34        0xc c:/program files (x86)/atmel/studio/7.0/toolchain/avr8/avr8-gnu-toolchain/bin/../lib/gcc/avr/5.4.0/../../../../avr/lib/avr6\libm.a(fp_inf.o)
                0x00003e34                __fp_inf
 .text.avr-libc.fplib
                0x00003e40        0x6 c:/program files (x86)/atmel/studio/7.0/toolchain/avr8/avr8-gnu-toolchain/bin/../lib/gcc/avr/5.4.0/../../../../avr/lib/avr6\libm.a(fp_nan.o)
                0x00003e40                __fp_nan
 .text.avr-libc.fplib
                0x00003e46        0xe c:/program files (x86)/atmel/studio/7.0/toolchain/avr8/avr8-gnu-toolchain/bin/../lib/gcc/avr/5.4.0/../../../../avr/lib/avr6\libm.a(fp_pscA.o)
                0x00003e46                __fp_pscA
 .text.avr-libc.fplib
                0x00003e54        0xe c:/program files (x86)/atmel/studio/7.0/toolchain/avr8/avr8-gnu-toolchain/bin/../lib/gcc/avr/5.4.0/../../../../avr/lib/avr6\libm.a(fp_pscB.o)
                0x00003e54                __fp_pscB
 .text.avr-libc.fplib
                0x00003e62       0x22 c:/program files (x86)/atmel/studio/7.0/toolchain/avr8/avr8-gnu-toolchain/bin/../lib/gcc/avr/5.4.0/../../../../avr/lib/avr6\libm.a(fp_round.o)
                0x00003e62                __fp_round
 .text.avr-libc.fplib
                0x00003e84       0x44 c:/program files (x86)/atmel/studio/7.0/toolchain/avr8/avr8-gnu-toolchain/bin/../lib/gcc/avr/5.4.0/../../../../avr/lib/avr6\libm.a(fp_split3.o)
                0x00003e84                __fp_split3
                0x00003e94                __fp_splitA
 .text.avr-libc.fplib
                0x00003ec8        0xe c:/program files (x86)/atmel/studio/7.0/toolchain/avr8/avr8-gnu-toolchain/bin/../lib/gcc/avr/5.4.0/../../../../avr/lib/avr6\libm.a(fp_zero.o)
                0x00003ec8                __fp_zero
                0x00003eca                __fp_szero
 .text.libgcc.div
                0x00003ed6       0x26 c:/program files (x86)/atmel/studio/7.0/toolchain/avr8/avr8-gnu-toolchain/bin/../lib/gcc/avr/5.4.0/avr6\libgcc.a(_divmodhi4.o)
                0x00003ed6                _div
                0x00003ed6                __divmodhi4
 .text.libgcc.div
                0x00003efc       0x44 c:/program files (x86)/atmel/studio/7.0/toolchain/avr8/avr8-gnu-toolchain/bin/../lib/gcc/avr/5.4.0/avr6\libgcc.a(_udivmodsi4.o)
                0x00003efc                __udivmodsi4
 .text.libgcc.div
                0x00003f40       0x28 c:/program files (x86)/atmel/studio/7.0/toolchain/avr8/avr8-gnu-toolchain/bin/../lib/gcc/avr/5.4.0/avr6\libgcc.a(_divmodsi4.o)
                0x00003f40                __divmodsi4
 .text.libgcc.div
                0x00003f68       0x10 c:/program files (x86)/atmel/studio/7.0/toolchain/avr8/avr8-gnu-toolchain/bin/../lib/gcc/avr/5.4.0/avr6\libgcc.a(_negsi2.o)
                0x00003f68                __negsi2
 .text.libgcc   0x00003f78       0x10 c:/program files (x86)/atmel/studio/7.0/toolchain/avr8/avr8-gnu-toolchain/bin/../lib/gcc/avr/5.4.0/avr6\libgcc.a(_tablejump2.o)
                0x00003f78                __tablejump2__
 .text.libgcc.mul
                0x00003f88       0x1e c:/program files (x86)/atmel/studio/7.0/toolchain/avr8/avr8-gnu-toolchain/bin/../lib/gcc/avr/5.4.0/avr6\libgcc.a(_umulhisi3.o)
                0x00003f88                __umulhisi3
 .text.libgcc.div
                0x00003fa6       0x28 c:/program files (x86)/atmel/studio/7.0/toolchain/avr8/avr8-gnu-toolchain/bin/../lib/gcc/avr/5.4.0/avr6\libgcc.a(_udivmodhi4.o)
                0x00003fa6                __udivmodhi4
 .text.avr-libc
                0x00003fce       0x20 C:/Program Files (x86)/Atmel/Studio/7.0/Packs/atmel/ATmega_DFP/1.2.209/gcc/dev/atmega2560/avr6\libatmega2560.a(eerd_block.o)
                0x00003fce                eeprom_read_block
                0x00003fd2                eeprom_read_blraw
 .text.avr-libc
                0x00003fee       0x10 C:/Program Files (x86)/Atmel/Studio/7.0/Packs/atmel/ATmega_DFP/1.2.209/gcc/dev/atmega2560/avr6\libatmega2560.a(eerd_byte.o)
                0x00003fee                eeprom_read_byte
 .text.avr-libc
                0x00003ffe       0x12 C:/Program Files (x86)/Atmel/Studio/7.0/Packs/atmel/ATmega_DFP/1.2.209/gcc/dev/atmega2560/avr6\libatmega2560.a(eewr_block.o)
                0x00003ffe                eeprom_write_block
 .text.avr-libc
                0x00004010       0x1c C:/Program Files (x86)/Atmel/Studio/7.0/Packs/atmel/ATmega_DFP/1.2.209/gcc/dev/atmega2560/avr6\libatmega2560.a(eewr_byte.o)
                0x00004010                eeprom_write_byte
                0x00004012                eeprom_write_r18
                0x0000402c                . = ALIGN (0x2)
 *(.fini9)
 .fini9         0x0000402c        0x0 c:/program files (x86)/atmel/studio/7.0/toolchain/avr8/avr8-gnu-toolchain/bin/../lib/gcc/avr/5.4.0/avr6\libgcc.a(_exit.o)
                0x0000402c                _exit
                0x0000402c                exit
 *(.fini9)
 *(.fini8)
 *(.fini8)
 *(.fini7)
 *(.fini7)
 *(.fini6)
 *(.fini6)
 *(.fini5)
 *(.fini5)
 *(.fini4)
 *(.fini4)
 *(.fini3)
 *(.fini3)
 *(.fini2)
 *(.fini2)
 *(.fini1)
 *(.fini1)
 *(.fini0)
 .fini0         0x0000402c        0x4 c:/program files (x86)/atmel/studio/7.0/toolchain/avr8/avr8-gnu-toolchain/bin/../lib/gcc/avr/5.4.0/avr6\libgcc.a(_exit.o)
 *(.fini0)
                0x00004030                _etext = .

.data           0x00800200      0x1e8 load address 0x00004030
                0x00800200                PROVIDE (__data_start, .)
 *(.data)
 *(.data*)
 .data.vcount_high.1754
                0x00800200        0x1 ButtonLib.o
 .data.vcount_low.1753
                0x00800201        0x1 ButtonLib.o
 .data.volumeDivisor
                0x00800202        0x4 knobLib.o
                0x00800202                volumeDivisor
 .data.NegativeOffset
                0x00800206        0x1 knobLib.o
                0x00800206                NegativeOffset
 .data.vcount_high.1742
                0x00800207        0x1 main.o
 .data.vcount_low.1741
                0x00800208        0x1 main.o
 .data.midiWriteFlag
                0x00800209        0x1 MidiLib.o
                0x00800209                midiWriteFlag
 .data.new_line
                0x0080020a        0x4 OLEDLib.o
                0x0080020a                new_line
 *(.gnu.linkonce.d*)
 *(.rodata)
 .rodata        0x0080020e       0x54 twiLib.o
 *(.rodata*)
 .rodata.str1.1
                0x00800262       0x3f globalVariables.o
 .rodata.str1.1
                0x008002a1      0x11d menu.o
                                0x11f (size before relaxing)
 .rodata.str1.1
                0x008003be       0x2a twiLib.o
 *(.gnu.linkonce.r*)
                0x008003e8                . = ALIGN (0x2)
                0x008003e8                _edata = .
                0x008003e8                PROVIDE (__data_end, .)

.bss            0x008003e8      0x41f
                0x008003e8                PROVIDE (__bss_start, .)
 *(.bss)
 *(.bss*)
 .bss.button_state.1755
                0x008003e8        0x1 ButtonLib.o
 .bss.lastFullBits
                0x008003e9        0x2 ButtonLib.o
                0x008003e9                lastFullBits
 .bss.encoderPortStates
                0x008003eb        0x1 EncoderLib.o
                0x008003eb                encoderPortStates
 .bss.bottomEncoderLastValue
                0x008003ec        0x1 EncoderLib.o
                0x008003ec                bottomEncoderLastValue
 .bss.topEncoderLastValue
                0x008003ed        0x1 EncoderLib.o
                0x008003ed                topEncoderLastValue
 .bss.bottomEncoderValue
                0x008003ee        0x1 EncoderLib.o
                0x008003ee                bottomEncoderValue
 .bss.topEncoderValue
                0x008003ef        0x1 EncoderLib.o
                0x008003ef                topEncoderValue
 .bss.button_state.1743
                0x008003f0        0x1 main.o
 .bss.globalTimer
                0x008003f1        0x4 main.o
                0x008003f1                globalTimer
 .bss.midiReadIndex
                0x008003f5        0x1 MidiLib.o
                0x008003f5                midiReadIndex
 .bss.midiWriteIndex
                0x008003f6        0x1 MidiLib.o
                0x008003f6                midiWriteIndex
 .bss.currentPlayStep
                0x008003f7        0x1 sequencerLib.o
                0x008003f7                currentPlayStep
 .bss.serialWritePos
                0x008003f8        0x2 serialLib.o
                0x008003f8                serialWritePos
 .bss.serialReadPos
                0x008003fa        0x2 serialLib.o
                0x008003fa                serialReadPos
 *(COMMON)
 COMMON         0x008003fc        0x2 ButtonLib.o
                0x008003fc                buttonsCurrentCycle
                0x008003fd                currentTrig
 COMMON         0x008003fe        0x1 DebounceLib.o
                0x008003fe                buttons_down
 COMMON         0x008003ff        0x1 knobLib.o
                0x008003ff                knobBufferCounter
 COMMON         0x00800400      0x268 main.o
                0x00800400                currentPattern
                0x0080057b                currentGlobals
 COMMON         0x00800668        0x1 menu.o
                0x00800668                prevMenuState
 COMMON         0x00800669       0x1e MidiLib.o
                0x00800669                midiEventBuffer
 COMMON         0x00800687      0x180 serialLib.o
                0x00800687                serial0Buffer
                0x00800807                PROVIDE (__bss_end, .)
                0x00004030                __data_load_start = LOADADDR (.data)
                0x00004218                __data_load_end = (__data_load_start + SIZEOF (.data))

.noinit         0x00800807        0x0
                [!provide]                PROVIDE (__noinit_start, .)
 *(.noinit*)
                [!provide]                PROVIDE (__noinit_end, .)
                0x00800807                _end = .
                [!provide]                PROVIDE (__heap_start, .)

.eeprom         0x00810000        0x0
 *(.eeprom*)
                0x00810000                __eeprom_end = .

.fuse
 *(.fuse)
 *(.lfuse)
 *(.hfuse)
 *(.efuse)

.lock
 *(.lock*)

.signature
 *(.signature*)

.user_signatures
 *(.user_signatures*)

.stab
 *(.stab)

.stabstr
 *(.stabstr)

.stab.excl
 *(.stab.excl)

.stab.exclstr
 *(.stab.exclstr)

.stab.index
 *(.stab.index)

.stab.indexstr
 *(.stab.indexstr)

.comment        0x00000000       0x30
 *(.comment)
 .comment       0x00000000       0x30 ButtonLib.o
                                 0x31 (size before relaxing)
 .comment       0x00000030       0x31 DebounceLib.o
 .comment       0x00000030       0x31 EncoderLib.o
 .comment       0x00000030       0x31 globalVariables.o
 .comment       0x00000030       0x31 knobLib.o
 .comment       0x00000030       0x31 LEDLib.o
 .comment       0x00000030       0x31 main.o
 .comment       0x00000030       0x31 menu.o
 .comment       0x00000030       0x31 MidiLib.o
 .comment       0x00000030       0x31 OLEDLib.o
 .comment       0x00000030       0x31 sequencerLib.o
 .comment       0x00000030       0x31 serialLib.o
 .comment       0x00000030       0x31 tsunamiLib.o
 .comment       0x00000030       0x31 twiLib.o

.note.gnu.avr.deviceinfo
                0x00000000       0x40
 .note.gnu.avr.deviceinfo
                0x00000000       0x40 C:/Program Files (x86)/Atmel/Studio/7.0/Packs/atmel/ATmega_DFP/1.2.209/gcc/dev/atmega2560/avr6/crtatmega2560.o

.note.gnu.build-id
 *(.note.gnu.build-id)

.debug
 *(.debug)

.line
 *(.line)

.debug_srcinfo
 *(.debug_srcinfo)

.debug_sfnames
 *(.debug_sfnames)

.debug_aranges  0x00000000      0x458
 *(.debug_aranges)
 .debug_aranges
                0x00000000       0x38 ButtonLib.o
 .debug_aranges
                0x00000038       0x20 DebounceLib.o
 .debug_aranges
                0x00000058       0x50 EncoderLib.o
 .debug_aranges
                0x000000a8       0x48 globalVariables.o
 .debug_aranges
                0x000000f0       0x58 knobLib.o
 .debug_aranges
                0x00000148       0x30 LEDLib.o
 .debug_aranges
                0x00000178       0x28 main.o
 .debug_aranges
                0x000001a0       0x30 menu.o
 .debug_aranges
                0x000001d0       0x38 MidiLib.o
 .debug_aranges
                0x00000208       0x58 OLEDLib.o
 .debug_aranges
                0x00000260       0x28 sequencerLib.o
 .debug_aranges
                0x00000288       0x38 serialLib.o
 .debug_aranges
                0x000002c0       0x90 tsunamiLib.o
 .debug_aranges
                0x00000350       0x88 twiLib.o
 .debug_aranges
                0x000003d8       0x20 C:/Program Files (x86)/Atmel/Studio/7.0/Packs/atmel/ATmega_DFP/1.2.209/gcc/dev/atmega2560/avr6\libatmega2560.a(eerd_block.o)
 .debug_aranges
                0x000003f8       0x20 C:/Program Files (x86)/Atmel/Studio/7.0/Packs/atmel/ATmega_DFP/1.2.209/gcc/dev/atmega2560/avr6\libatmega2560.a(eerd_byte.o)
 .debug_aranges
                0x00000418       0x20 C:/Program Files (x86)/Atmel/Studio/7.0/Packs/atmel/ATmega_DFP/1.2.209/gcc/dev/atmega2560/avr6\libatmega2560.a(eewr_block.o)
 .debug_aranges
                0x00000438       0x20 C:/Program Files (x86)/Atmel/Studio/7.0/Packs/atmel/ATmega_DFP/1.2.209/gcc/dev/atmega2560/avr6\libatmega2560.a(eewr_byte.o)

.debug_pubnames
 *(.debug_pubnames)

.debug_info     0x00000000     0x7e3d
 *(.debug_info .gnu.linkonce.wi.*)
 .debug_info    0x00000000      0xbbc C:/Program Files (x86)/Atmel/Studio/7.0/Packs/atmel/ATmega_DFP/1.2.209/gcc/dev/atmega2560/avr6/crtatmega2560.o
 .debug_info    0x00000bbc      0x691 ButtonLib.o
 .debug_info    0x0000124d      0x133 DebounceLib.o
 .debug_info    0x00001380      0x5a2 EncoderLib.o
 .debug_info    0x00001922      0x6ec globalVariables.o
 .debug_info    0x0000200e      0x7e2 knobLib.o
 .debug_info    0x000027f0      0x4a9 LEDLib.o
 .debug_info    0x00002c99      0x928 main.o
 .debug_info    0x000035c1     0x194c menu.o
 .debug_info    0x00004f0d      0x53b MidiLib.o
 .debug_info    0x00005448      0x6fe OLEDLib.o
 .debug_info    0x00005b46      0x431 sequencerLib.o
 .debug_info    0x00005f77      0x172 serialLib.o
 .debug_info    0x000060e9      0xa40 tsunamiLib.o
 .debug_info    0x00006b29     0x1062 twiLib.o
 .debug_info    0x00007b8b       0xad C:/Program Files (x86)/Atmel/Studio/7.0/Packs/atmel/ATmega_DFP/1.2.209/gcc/dev/atmega2560/avr6\libatmega2560.a(eerd_block.o)
 .debug_info    0x00007c38       0xac C:/Program Files (x86)/Atmel/Studio/7.0/Packs/atmel/ATmega_DFP/1.2.209/gcc/dev/atmega2560/avr6\libatmega2560.a(eerd_byte.o)
 .debug_info    0x00007ce4       0xad C:/Program Files (x86)/Atmel/Studio/7.0/Packs/atmel/ATmega_DFP/1.2.209/gcc/dev/atmega2560/avr6\libatmega2560.a(eewr_block.o)
 .debug_info    0x00007d91       0xac C:/Program Files (x86)/Atmel/Studio/7.0/Packs/atmel/ATmega_DFP/1.2.209/gcc/dev/atmega2560/avr6\libatmega2560.a(eewr_byte.o)

.debug_abbrev   0x00000000     0x2191
 *(.debug_abbrev)
 .debug_abbrev  0x00000000      0xb1a C:/Program Files (x86)/Atmel/Studio/7.0/Packs/atmel/ATmega_DFP/1.2.209/gcc/dev/atmega2560/avr6/crtatmega2560.o
 .debug_abbrev  0x00000b1a      0x1b7 ButtonLib.o
 .debug_abbrev  0x00000cd1       0xfa DebounceLib.o
 .debug_abbrev  0x00000dcb      0x1a7 EncoderLib.o
 .debug_abbrev  0x00000f72      0x1d7 globalVariables.o
 .debug_abbrev  0x00001149      0x24a knobLib.o
 .debug_abbrev  0x00001393      0x161 LEDLib.o
 .debug_abbrev  0x000014f4      0x188 main.o
 .debug_abbrev  0x0000167c      0x141 menu.o
 .debug_abbrev  0x000017bd      0x14b MidiLib.o
 .debug_abbrev  0x00001908      0x1fd OLEDLib.o
 .debug_abbrev  0x00001b05      0x130 sequencerLib.o
 .debug_abbrev  0x00001c35      0x108 serialLib.o
 .debug_abbrev  0x00001d3d      0x169 tsunamiLib.o
 .debug_abbrev  0x00001ea6      0x29b twiLib.o
 .debug_abbrev  0x00002141       0x14 C:/Program Files (x86)/Atmel/Studio/7.0/Packs/atmel/ATmega_DFP/1.2.209/gcc/dev/atmega2560/avr6\libatmega2560.a(eerd_block.o)
 .debug_abbrev  0x00002155       0x14 C:/Program Files (x86)/Atmel/Studio/7.0/Packs/atmel/ATmega_DFP/1.2.209/gcc/dev/atmega2560/avr6\libatmega2560.a(eerd_byte.o)
 .debug_abbrev  0x00002169       0x14 C:/Program Files (x86)/Atmel/Studio/7.0/Packs/atmel/ATmega_DFP/1.2.209/gcc/dev/atmega2560/avr6\libatmega2560.a(eewr_block.o)
 .debug_abbrev  0x0000217d       0x14 C:/Program Files (x86)/Atmel/Studio/7.0/Packs/atmel/ATmega_DFP/1.2.209/gcc/dev/atmega2560/avr6\libatmega2560.a(eewr_byte.o)

.debug_line     0x00000000     0x37dd
 *(.debug_line .debug_line.* .debug_line_end)
 .debug_line    0x00000000      0x1f9 C:/Program Files (x86)/Atmel/Studio/7.0/Packs/atmel/ATmega_DFP/1.2.209/gcc/dev/atmega2560/avr6/crtatmega2560.o
 .debug_line    0x000001f9      0x275 ButtonLib.o
 .debug_line    0x0000046e      0x13b DebounceLib.o
 .debug_line    0x000005a9      0x50a EncoderLib.o
 .debug_line    0x00000ab3      0x416 globalVariables.o
 .debug_line    0x00000ec9      0x458 knobLib.o
 .debug_line    0x00001321      0x187 LEDLib.o
 .debug_line    0x000014a8      0x2b1 main.o
 .debug_line    0x00001759      0x867 menu.o
 .debug_line    0x00001fc0      0x1da MidiLib.o
 .debug_line    0x0000219a      0x442 OLEDLib.o
 .debug_line    0x000025dc      0x14e sequencerLib.o
 .debug_line    0x0000272a      0x15c serialLib.o
 .debug_line    0x00002886      0x3b6 tsunamiLib.o
 .debug_line    0x00002c3c      0x95e twiLib.o
 .debug_line    0x0000359a       0xab C:/Program Files (x86)/Atmel/Studio/7.0/Packs/atmel/ATmega_DFP/1.2.209/gcc/dev/atmega2560/avr6\libatmega2560.a(eerd_block.o)
 .debug_line    0x00003645       0x7a C:/Program Files (x86)/Atmel/Studio/7.0/Packs/atmel/ATmega_DFP/1.2.209/gcc/dev/atmega2560/avr6\libatmega2560.a(eerd_byte.o)
 .debug_line    0x000036bf       0x80 C:/Program Files (x86)/Atmel/Studio/7.0/Packs/atmel/ATmega_DFP/1.2.209/gcc/dev/atmega2560/avr6\libatmega2560.a(eewr_block.o)
 .debug_line    0x0000373f       0x9e C:/Program Files (x86)/Atmel/Studio/7.0/Packs/atmel/ATmega_DFP/1.2.209/gcc/dev/atmega2560/avr6\libatmega2560.a(eewr_byte.o)

.debug_frame    0x00000000      0xc4c
 *(.debug_frame)
 .debug_frame   0x00000000       0xb4 ButtonLib.o
 .debug_frame   0x000000b4       0x24 DebounceLib.o
 .debug_frame   0x000000d8       0xd0 EncoderLib.o
 .debug_frame   0x000001a8      0x100 globalVariables.o
 .debug_frame   0x000002a8      0x114 knobLib.o
 .debug_frame   0x000003bc       0x54 LEDLib.o
 .debug_frame   0x00000410       0x90 main.o
 .debug_frame   0x000004a0       0xcc menu.o
 .debug_frame   0x0000056c       0xd0 MidiLib.o
 .debug_frame   0x0000063c       0xb4 OLEDLib.o
 .debug_frame   0x000006f0       0x50 sequencerLib.o
 .debug_frame   0x00000740       0x90 serialLib.o
 .debug_frame   0x000007d0      0x29c tsunamiLib.o
 .debug_frame   0x00000a6c      0x1e0 twiLib.o

.debug_str      0x00000000     0x1595
 *(.debug_str)
 .debug_str     0x00000000      0x3e6 C:/Program Files (x86)/Atmel/Studio/7.0/Packs/atmel/ATmega_DFP/1.2.209/gcc/dev/atmega2560/avr6/crtatmega2560.o
 .debug_str     0x000003e6      0x56f ButtonLib.o
                                0x5b3 (size before relaxing)
 .debug_str     0x00000955       0x48 DebounceLib.o
                                0x1aa (size before relaxing)
 .debug_str     0x0000099d      0x128 EncoderLib.o
                                0x53a (size before relaxing)
 .debug_str     0x00000ac5      0x13f globalVariables.o
                                0x574 (size before relaxing)
 .debug_str     0x00000c04      0x18c knobLib.o
                                0x5b6 (size before relaxing)
 .debug_str     0x00000d90       0x80 LEDLib.o
                                0x483 (size before relaxing)
 .debug_str     0x00000e10       0xe5 main.o
                                0x632 (size before relaxing)
 .debug_str     0x00000ef5       0xad menu.o
                                0x54f (size before relaxing)
 .debug_str     0x00000fa2       0xd5 MidiLib.o
                                0x4f9 (size before relaxing)
 .debug_str     0x00001077      0x115 OLEDLib.o
                                0x2f3 (size before relaxing)
 .debug_str     0x0000118c       0x54 sequencerLib.o
                                0x471 (size before relaxing)
 .debug_str     0x000011e0       0x71 serialLib.o
                                0x1d4 (size before relaxing)
 .debug_str     0x00001251      0x1c1 tsunamiLib.o
                                0x670 (size before relaxing)
 .debug_str     0x00001412      0x183 twiLib.o
                                0x670 (size before relaxing)

.debug_loc      0x00000000     0x53de
 *(.debug_loc)
 .debug_loc     0x00000000      0x2db ButtonLib.o
 .debug_loc     0x000002db       0x69 DebounceLib.o
 .debug_loc     0x00000344      0x43c EncoderLib.o
 .debug_loc     0x00000780      0x47b globalVariables.o
 .debug_loc     0x00000bfb      0xb67 knobLib.o
 .debug_loc     0x00001762      0x20d LEDLib.o
 .debug_loc     0x0000196f      0x172 main.o
 .debug_loc     0x00001ae1      0xb4a menu.o
 .debug_loc     0x0000262b      0x22e MidiLib.o
 .debug_loc     0x00002859      0x9fc OLEDLib.o
 .debug_loc     0x00003255      0x107 sequencerLib.o
 .debug_loc     0x0000335c      0x181 serialLib.o
 .debug_loc     0x000034dd      0xcfb tsunamiLib.o
 .debug_loc     0x000041d8     0x1206 twiLib.o

.debug_macinfo
 *(.debug_macinfo)

.debug_weaknames
 *(.debug_weaknames)

.debug_funcnames
 *(.debug_funcnames)

.debug_typenames
 *(.debug_typenames)

.debug_varnames
 *(.debug_varnames)

.debug_pubtypes
 *(.debug_pubtypes)

.debug_ranges   0x00000000      0x2f8
 *(.debug_ranges)
 .debug_ranges  0x00000000       0x28 ButtonLib.o
 .debug_ranges  0x00000028       0x10 DebounceLib.o
 .debug_ranges  0x00000038       0x40 EncoderLib.o
 .debug_ranges  0x00000078       0x38 globalVariables.o
 .debug_ranges  0x000000b0       0x48 knobLib.o
 .debug_ranges  0x000000f8       0x20 LEDLib.o
 .debug_ranges  0x00000118       0x18 main.o
 .debug_ranges  0x00000130       0x20 menu.o
 .debug_ranges  0x00000150       0x28 MidiLib.o
 .debug_ranges  0x00000178       0x48 OLEDLib.o
 .debug_ranges  0x000001c0       0x18 sequencerLib.o
 .debug_ranges  0x000001d8       0x28 serialLib.o
 .debug_ranges  0x00000200       0x80 tsunamiLib.o
 .debug_ranges  0x00000280       0x78 twiLib.o

.debug_macro
 *(.debug_macro)
OUTPUT(TsunamiCS1Master.elf elf32-avr)
LOAD linker stubs
